/Users/zps5164/Dropbox/code/garlic/src/garlic --tped /Users/zps5164/Dropbox/code/garlic/example/example.tped.gz --tfam /Users/zps5164/Dropbox/code/garlic/example/example.tfam --build hg18 --winsize 60 --out example --error 0.001
Output file basename: example
TPED file: /Users/zps5164/Dropbox/code/garlic/example/example.tped.gz
TPED missing data code: 0
TFAM file: /Users/zps5164/Dropbox/code/garlic/example/example.tfam
TGLS file: none
Genotype likelihood format: none
Measure ROH in genetic distance units: FALSE
Weighted LOD: FALSE
Genome build: hg18
User defined centromere file: none
Calculate allele frequencies only: FALSE
Calculate allele frequencies from data: TRUE
Allele frequencies resampled: FALSE
Explore window sizes: FALSE
Automatic window size: FALSE
Automatic window step size: 10
User defined window size: 60
Choose LOD score cutoff automatically: TRUE
Choose ROH class thresholds automatically: TRUE
Threads: 1
Genotyping error: 0.001
Max gap: 200000
Overlap fraction: 0.25
mu: 1e-09
M: 7
# GMM clusters: 3
# of rand individuals for KDE: ALL
# of rand individuals for LD: ALL
Output raw LOD scores: FALSE
Use r2 for weighting phased data: FALSE
Auto window size smoothness threshold: 0.5
KDE grid points: 512
KDE range extension (bandwidths): 3
Mode smoothing span: 20
GMM max iterations: 1000
GMM tolerance: 1e-05
KDE thinning step (0 = window size): 0
Random seed: 1070057661
	(drawn automatically; pass --seed with this value to reproduce this run)
Chromosome chr1: 44662 sites.
Chromosome chr2: 48117 sites.
Chromosome chr3: 40008 sites.
Chromosome chr4: 35321 sites.
Chromosome chr5: 36645 sites.
Chromosome chr6: 38636 sites.
Chromosome chr7: 31657 sites.
Chromosome chr8: 33342 sites.
Chromosome chr9: 28046 sites.
Chromosome chr10: 31032 sites.
Chromosome chr11: 28748 sites.
Chromosome chr12: 28436 sites.
Chromosome chr13: 22409 sites.
Chromosome chr14: 19309 sites.
Chromosome chr15: 17790 sites.
Chromosome chr16: 17874 sites.
Chromosome chr17: 15127 sites.
Chromosome chr18: 18040 sites.
Chromosome chr19: 9549 sites.
Chromosome chr20: 15499 sites.
Chromosome chr21: 8599 sites.
Chromosome chr22: 8643 sites.
Total loci: 577489
Total diploid individuals: 45
Monomorphic loci filtered: 26432
Total loci used for analysis: 551057
KDE with 408510 points.
Wrote KDE results to example.60SNPs.kde
Selected LOD score cutoff: 1.88468
Gaussian class A ( mixture, mean, std ) = ( 0.687804, 289516, 1.49978e+10 )
Gaussian class B ( mixture, mean, std ) = ( 0.259766, 718929, 1.1645e+11 )
Gaussian class C ( mixture, mean, std ) = ( 0.0524296, 6.01847e+06, 4.35044e+13 )
Selected ROH size boundaries = ( 542417 1.77283e+06 )
ROH calls: example.roh.bed
Effective parameters: example.params.json
